This is pdfTeX, Version 3.141592653-2.6-1.40.29 (MiKTeX 26.2) (preloaded format=pdflatex 2026.3.7)  8 MAR 2026 17:31
entering extended mode
 restricted \write18 enabled.
 file:line:error style messages enabled.
 %&-line parsing enabled.
**c:/Users/david/Documents/Burggraf/SemPro/SS25/sempro.tex
(c:/Users/david/Documents/Burggraf/SemPro/SS25/sempro.tex
LaTeX2e <2025-11-01>
L3 programming layer <2026-01-19>
(C:\Users\david\AppData\Local\Programs\MiKTeX\tex/latex/base\article.cls
Document Class: article 2025/01/22 v1.4n Standard LaTeX document class
(C:\Users\david\AppData\Local\Programs\MiKTeX\tex/latex/base\size10.clo
File: size10.clo 2025/01/22 v1.4n Standard LaTeX file (size option)
)
\c@part=\count275
\c@section=\count276
\c@subsection=\count277
\c@subsubsection=\count278
\c@paragraph=\count279
\c@subparagraph=\count280
\c@figure=\count281
\c@table=\count282
\abovecaptionskip=\skip49
\belowcaptionskip=\skip50
\bibindent=\dimen148
) (C:\Users\david\AppData\Local\Programs\MiKTeX\tex/latex/geometry\geometry.sty
Package: geometry 2020/01/02 v5.9 Page Geometry
 (C:\Users\david\AppData\Local\Programs\MiKTeX\tex/latex/graphics\keyval.sty
Package: keyval 2022/05/29 v1.15 key=value parser (DPC)
\KV@toks@=\toks17
) (C:\Users\david\AppData\Local\Programs\MiKTeX\tex/generic/iftex\ifvtex.sty
Package: ifvtex 2019/10/25 v1.7 ifvtex legacy package. Use iftex instead.
 (C:\Users\david\AppData\Local\Programs\MiKTeX\tex/generic/iftex\iftex.sty
Package: iftex 2024/12/12 v1.0g TeX engine tests
))
\Gm@cnth=\count283
\Gm@cntv=\count284
\c@Gm@tempcnt=\count285
\Gm@bindingoffset=\dimen149
\Gm@wd@mp=\dimen150
\Gm@odd@mp=\dimen151
\Gm@even@mp=\dimen152
\Gm@layoutwidth=\dimen153
\Gm@layoutheight=\dimen154
\Gm@layouthoffset=\dimen155
\Gm@layoutvoffset=\dimen156
\Gm@dimlist=\toks18
 (C:\Users\david\AppData\Local\Programs\MiKTeX\tex/latex/geometry\geometry.cfg)) (C:\Users\david\AppData\Local\Programs\MiKTeX\tex/latex/graphics\graphicx.sty
Package: graphicx 2024/12/31 v1.2e Enhanced LaTeX Graphics (DPC,SPQR)
 (C:\Users\david\AppData\Local\Programs\MiKTeX\tex/latex/graphics\graphics.sty
Package: graphics 2024/08/06 v1.4g Standard LaTeX Graphics (DPC,SPQR)
 (C:\Users\david\AppData\Local\Programs\MiKTeX\tex/latex/graphics\trig.sty
Package: trig 2023/12/02 v1.11 sin cos tan (DPC)
) (C:\Users\david\AppData\Local\Programs\MiKTeX\tex/latex/graphics-cfg\graphics.cfg
File: graphics.cfg 2016/06/04 v1.11 sample graphics configuration
)
Package graphics Info: Driver file: pdftex.def on input line 106.
 (C:\Users\david\AppData\Local\Programs\MiKTeX\tex/latex/graphics-def\pdftex.def
File: pdftex.def 2025/09/29 v1.2d Graphics/color driver for pdftex
))
\Gin@req@height=\dimen157
\Gin@req@width=\dimen158
) (C:\Users\david\AppData\Local\Programs\MiKTeX\tex/latex/base\inputenc.sty
Package: inputenc 2024/02/08 v1.3d Input encoding file
\inpenc@prehook=\toks19
\inpenc@posthook=\toks20
) (C:\Users\david\AppData\Local\Programs\MiKTeX\tex/latex/parskip\parskip.sty
Package: parskip 2021-03-14 v2.0h non-zero parskip adjustments
 (C:\Users\david\AppData\Local\Programs\MiKTeX\tex/latex/kvoptions\kvoptions.sty
Package: kvoptions 2022-06-15 v3.15 Key value format for package options (HO)
 (C:\Users\david\AppData\Local\Programs\MiKTeX\tex/generic/ltxcmds\ltxcmds.sty
Package: ltxcmds 2023-12-04 v1.26 LaTeX kernel commands for general use (HO)
) (C:\Users\david\AppData\Local\Programs\MiKTeX\tex/latex/kvsetkeys\kvsetkeys.sty
Package: kvsetkeys 2022-10-05 v1.19 Key value parser (HO)
)) (C:\Users\david\AppData\Local\Programs\MiKTeX\tex/latex/etoolbox\etoolbox.sty
Package: etoolbox 2025/10/02 v2.5m e-TeX tools for LaTeX (JAW)
\etb@tempcnta=\count286
)) (C:\Users\david\AppData\Local\Programs\MiKTeX\tex/latex/tools\array.sty
Package: array 2025/09/25 v2.6n Tabular extension package (FMi)
\col@sep=\dimen159
\ar@mcellbox=\box53
\extrarowheight=\dimen160
\NC@list=\toks21
\extratabsurround=\skip51
\backup@length=\skip52
\ar@cellbox=\box54
) (C:\Users\david\AppData\Local\Programs\MiKTeX\tex/latex/tools\multicol.sty
Package: multicol 2025/10/21 v2.0b multicolumn formatting (FMi)
\c@tracingmulticols=\count287
\mult@box=\box55
\multicol@leftmargin=\dimen161
\c@unbalance=\count288
\c@collectmore=\count289
\doublecol@number=\count290
\multicoltolerance=\count291
\multicolpretolerance=\count292
\full@width=\dimen162
\page@free=\dimen163
\premulticols=\dimen164
\postmulticols=\dimen165
\multicolsep=\skip53
\multicolbaselineskip=\skip54
\partial@page=\box56
\last@line=\box57
\mc@boxedresult=\box58
\maxbalancingoverflow=\dimen166
\mult@rightbox=\box59
\mult@grightbox=\box60
\mult@firstbox=\box61
\mult@gfirstbox=\box62
\@tempa=\box63
\@tempa=\box64
\@tempa=\box65
\@tempa=\box66
\@tempa=\box67
\@tempa=\box68
\@tempa=\box69
\@tempa=\box70
\@tempa=\box71
\@tempa=\box72
\@tempa=\box73
\@tempa=\box74
\@tempa=\box75
\@tempa=\box76
\@tempa=\box77
\@tempa=\box78
\@tempa=\box79
\@tempa=\box80
\@tempa=\box81
\@tempa=\box82
\@tempa=\box83
\@tempa=\box84
\@tempa=\box85
\@tempa=\box86
\@tempa=\box87
\@tempa=\box88
\@tempa=\box89
\@tempa=\box90
\@tempa=\box91
\@tempa=\box92
\@tempa=\box93
\@tempa=\box94
\@tempa=\box95
\@tempa=\box96
\@tempa=\box97
\@tempa=\box98
\c@minrows=\count293
\c@columnbadness=\count294
\c@finalcolumnbadness=\count295
\last@try=\dimen167
\multicolovershoot=\dimen168
\multicolundershoot=\dimen169
\mult@nat@firstbox=\box99
\colbreak@box=\box100
\mc@col@check@num=\count296
\g__mc_curr_col_int=\count297
) (C:\Users\david\AppData\Local\Programs\MiKTeX\tex/latex/xcolor\xcolor.sty
Package: xcolor 2024/09/29 v3.02 LaTeX color extensions (UK)
 (C:\Users\david\AppData\Local\Programs\MiKTeX\tex/latex/graphics-cfg\color.cfg
File: color.cfg 2016/01/02 v1.6 sample color configuration
)
Package xcolor Info: Driver file: pdftex.def on input line 274.
 (C:\Users\david\AppData\Local\Programs\MiKTeX\tex/latex/graphics\mathcolor.ltx)
Package xcolor Info: Model `cmy' substituted by `cmy0' on input line 1349.
Package xcolor Info: Model `hsb' substituted by `rgb' on input line 1353.
Package xcolor Info: Model `RGB' extended on input line 1365.
Package xcolor Info: Model `HTML' substituted by `rgb' on input line 1367.
Package xcolor Info: Model `Hsb' substituted by `hsb' on input line 1368.
Package xcolor Info: Model `tHsb' substituted by `hsb' on input line 1369.
Package xcolor Info: Model `HSB' substituted by `hsb' on input line 1370.
Package xcolor Info: Model `Gray' substituted by `gray' on input line 1371.
Package xcolor Info: Model `wave' substituted by `hsb' on input line 1372.
) (C:\Users\david\AppData\Local\Programs\MiKTeX\tex/latex/titlesec\titlesec.sty
Package: titlesec 2025/01/04 v2.17 Sectioning titles
\ttl@box=\box101
\beforetitleunit=\skip55
\aftertitleunit=\skip56
\ttl@plus=\dimen170
\ttl@minus=\dimen171
\ttl@toksa=\toks22
\titlewidth=\dimen172
\titlewidthlast=\dimen173
\titlewidthfirst=\dimen174
) (C:\Users\david\AppData\Local\Programs\MiKTeX\tex/latex/pdfpages\pdfpages.sty
Package: pdfpages 2025/07/23 v0.6g Insert pages of external PDF documents (AM)
 (C:\Users\david\AppData\Local\Programs\MiKTeX\tex/latex/base\ifthen.sty
Package: ifthen 2024/03/16 v1.1e Standard LaTeX ifthen package (DPC)
) (C:\Users\david\AppData\Local\Programs\MiKTeX\tex/latex/tools\calc.sty
Package: calc 2025/03/01 v4.3b Infix arithmetic (KKT,FJ)
\calc@Acount=\count298
\calc@Bcount=\count299
\calc@Adimen=\dimen175
\calc@Bdimen=\dimen176
\calc@Askip=\skip57
\calc@Bskip=\skip58
LaTeX Info: Redefining \setlength on input line 86.
LaTeX Info: Redefining \addtolength on input line 87.
\calc@Ccount=\count300
\calc@Cskip=\skip59
) (C:\Users\david\AppData\Local\Programs\MiKTeX\tex/latex/eso-pic\eso-pic.sty
Package: eso-pic 2025/12/10 v3.0d eso-pic (RN)
\ESO@tempdima=\dimen177
\ESO@tempdimb=\dimen178
)
\AM@pagewidth=\dimen179
\AM@pageheight=\dimen180
\AM@fboxrule=\dimen181
 (C:\Users\david\AppData\Local\Programs\MiKTeX\tex/latex/pdfpages\pppdftex.def
File: pppdftex.def 2025/07/23 v0.6g Pdfpages driver for pdfTeX (AM)
)
\pdfpages@includegraphics@status=\count301
\AM@pagebox=\box102
\AM@global@opts=\toks23
\AM@pagecnt=\count302
\AM@toc@title=\toks24
\AM@lof@heading=\toks25
\c@AM@survey=\count303
\AM@templatesizebox=\box103
)
\panelwidth=\skip60
\panelmargintop=\skip61
\panelmarginbottom=\skip62
\panelmarginx=\skip63
\panelheight=\skip64
 (C:\Users\david\AppData\Local\Programs\MiKTeX\tex/latex/l3backend\l3backend-pdftex.def
File: l3backend-pdftex.def 2025-10-09 L3 backend support: PDF output (pdfTeX)
\l__color_backend_stack_int=\count304
) (sempro.aux)
\openout1 = `sempro.aux'.

LaTeX Font Info:    Checking defaults for OML/cmm/m/it on input line 70.
LaTeX Font Info:    ... okay on input line 70.
LaTeX Font Info:    Checking defaults for OMS/cmsy/m/n on input line 70.
LaTeX Font Info:    ... okay on input line 70.
LaTeX Font Info:    Checking defaults for OT1/cmr/m/n on input line 70.
LaTeX Font Info:    ... okay on input line 70.
LaTeX Font Info:    Checking defaults for T1/cmr/m/n on input line 70.
LaTeX Font Info:    ... okay on input line 70.
LaTeX Font Info:    Checking defaults for TS1/cmr/m/n on input line 70.
LaTeX Font Info:    ... okay on input line 70.
LaTeX Font Info:    Checking defaults for OMX/cmex/m/n on input line 70.
LaTeX Font Info:    ... okay on input line 70.
LaTeX Font Info:    Checking defaults for U/cmr/m/n on input line 70.
LaTeX Font Info:    ... okay on input line 70.

*geometry* driver: auto-detecting
*geometry* detected driver: pdftex
*geometry* verbose mode - [ preamble ] result:
* driver: pdftex
* paper: custom
* layout: <same size as paper>
* layoutoffset:(h,v)=(0.0pt,0.0pt)
* modes: 
* h-part:(L,W,R)=(0.0pt, 839.3563pt, 0.0pt)
* v-part:(T,H,B)=(0.0pt, 315.82576pt, 0.0pt)
* \paperwidth=839.3563pt
* \paperheight=315.82576pt
* \textwidth=839.3563pt
* \textheight=315.82576pt
* \oddsidemargin=-72.26999pt
* \evensidemargin=-72.26999pt
* \topmargin=-72.26999pt
* \headheight=0.0pt
* \headsep=0.0pt
* \topskip=10.0pt
* \footskip=0.0pt
* \marginparwidth=65.0pt
* \marginparsep=11.0pt
* \columnsep=10.0pt
* \skip\footins=9.0pt plus 4.0pt minus 2.0pt
* \hoffset=0.0pt
* \voffset=0.0pt
* \mag=1000
* \@twocolumnfalse
* \@twosidefalse
* \@mparswitchfalse
* \@reversemarginfalse
* (1in=72.27pt=25.4mm, 1cm=28.453pt)

(C:\Users\david\AppData\Local\Programs\MiKTeX\tex/context/base/mkii\supp-pdf.mkii
[Loading MPS to PDF converter (version 2006.09.02).]
\scratchcounter=\count305
\scratchdimen=\dimen182
\scratchbox=\box104
\nofMPsegments=\count306
\nofMParguments=\count307
\everyMPshowfont=\toks26
\MPscratchCnt=\count308
\MPscratchDim=\dimen183
\MPnumerator=\count309
\makeMPintoPDFobject=\count310
\everyMPtoPDFconversion=\toks27
) (C:\Users\david\AppData\Local\Programs\MiKTeX\tex/latex/epstopdf-pkg\epstopdf-base.sty
Package: epstopdf-base 2020-01-24 v2.11 Base part for package epstopdf
Package epstopdf-base Info: Redefining graphics rule for `.eps' on input line 485.
 (C:\Users\david\AppData\Local\Programs\MiKTeX\tex/latex/00miktex\epstopdf-sys.cfg
File: epstopdf-sys.cfg 2021/03/18 v2.0 Configuration of epstopdf for MiKTeX
)) (C:\Users\david\AppData\Local\Programs\MiKTeX\tex/latex/pdflscape\pdflscape.sty
Package: pdflscape 2022-10-27 v0.13 Display of landscape pages in PDF
 (C:\Users\david\AppData\Local\Programs\MiKTeX\tex/latex/pdflscape\pdflscape-nometadata.sty
Package: pdflscape-nometadata 2022-10-28 v0.13 Display of landscape pages in PDF (HO)
 (C:\Users\david\AppData\Local\Programs\MiKTeX\tex/latex/graphics\lscape.sty
Package: lscape 2020/05/28 v3.02 Landscape Pages (DPC)
)
Package pdflscape Info: Auto-detected driver: pdftex on input line 81.
))

LaTeX Font Warning: Font shape `OT1/cmr/bx/n' in size <13> not available
(Font)              size <12> substituted on input line 228.



pdfTeX warning: pdflatex (file ./pdfs/overlay_band.pdf): PDF inclusion: found PDF version <1.7>, but at most version <1.5> allowed
<pdfs/overlay_band.pdf, id=1, 839.35579pt x 315.82591pt>
File: pdfs/overlay_band.pdf Graphic file (type pdf)
<use pdfs/overlay_band.pdf>
Package pdftex.def Info: pdfs/overlay_band.pdf  used on input line 228.
(pdftex.def)             Requested size: 839.35373pt x 315.82513pt.


pdfTeX warning: pdflatex (file ./pdfs/overlay_band.pdf): PDF inclusion: found PDF version <1.7>, but at most version <1.5> allowed


pdfTeX warning: pdflatex (file ./pdfs/overlay_band.pdf): PDF inclusion: found PDF version <1.7>, but at most version <1.5> allowed
<pdfs/overlay_band.pdf, id=3, page=1, 839.35579pt x 315.82591pt>
File: pdfs/overlay_band.pdf Graphic file (type pdf)
<use pdfs/overlay_band.pdf, page 1>
Package pdftex.def Info: pdfs/overlay_band.pdf , page1 used on input line 228.
(pdftex.def)             Requested size: 839.35373pt x 315.82513pt.
File: pdfs/overlay_band.pdf Graphic file (type pdf)
<use pdfs/overlay_band.pdf, page 1>
Package pdftex.def Info: pdfs/overlay_band.pdf , page1 used on input line 228.
(pdftex.def)             Requested size: 839.69952pt x 315.95525pt.

Underfull \hbox (badness 10000) in paragraph at lines 228--228
\OT1/cmr/m/n/9 ist ein nichtschla-gen-der und far-
 []


Underfull \hbox (badness 10000) in paragraph at lines 228--228
\OT1/cmr/m/n/9 benf^^?uhrender Stu-den-ten-verein im
 []


Underfull \hbox (badness 10000) in paragraph at lines 228--228
\OT1/cmr/m/n/9 Kartel-lver-band katholis-cher deutscher
 []


Underfull \hbox (badness 10000) in paragraph at lines 228--228

 []


Underfull \hbox (badness 10000) in paragraph at lines 228--228
[]\OT1/cmr/m/n/9 Uber un-seren Dachver-band bilden
 []


Underfull \hbox (badness 4266) in paragraph at lines 228--228
\OT1/cmr/m/n/9 Akademik-ern aller Fakult^^?aten. Wie
 []


Underfull \hbox (badness 10000) in paragraph at lines 228--228
\OT1/cmr/m/n/9 Re-li-gion, Wis-senschaft und Fre-und-
 []


Underfull \hbox (badness 2376) in paragraph at lines 228--228
\OT1/cmr/m/n/9 schaft ver-schrieben. Das Hochhal-ten
 []


Underfull \hbox (badness 10000) in paragraph at lines 228--228

 []


Underfull \hbox (badness 3138) in paragraph at lines 228--228
\OT1/cmr/m/n/9 Hierzu or-gan-isiert die Ak-tiv-i-tas jedes
 []


Underfull \hbox (badness 10000) in paragraph at lines 228--228
\OT1/cmr/m/n/9 Semester ein Semester-pro-gramm mit
 []

File: pdfs/overlay_band.pdf Graphic file (type pdf)
<use pdfs/overlay_band.pdf, page 1>
Package pdftex.def Info: pdfs/overlay_band.pdf , page1 used on input line 228.
(pdftex.def)             Requested size: 839.69952pt x 315.95525pt.
File: pdfs/overlay_band.pdf Graphic file (type pdf)
<use pdfs/overlay_band.pdf, page 1>
Package pdftex.def Info: pdfs/overlay_band.pdf , page1 used on input line 228.
(pdftex.def)             Requested size: 839.69952pt x 315.95525pt.
LaTeX Font Info:    External font `cmex10' loaded for size
(Font)              <9> on input line 228.
LaTeX Font Info:    External font `cmex10' loaded for size
(Font)              <6> on input line 228.
LaTeX Font Info:    External font `cmex10' loaded for size
(Font)              <5> on input line 228.
LaTeX Font Info:    External font `cmex10' loaded for size
(Font)              <7> on input line 228.

Overfull \hbox (14.72472pt too wide) in paragraph at lines 228--228
[][]
 []


Underfull \hbox (badness 10000) in paragraph at lines 228--228

 []


Underfull \hbox (badness 10000) in paragraph at lines 228--228
\OT1/cmr/m/n/6 consenior@kstv-
 []


Underfull \hbox (badness 10000) in paragraph at lines 228--228
\OT1/cmr/m/n/6 fuxmajor@kstv-
 []


Underfull \hbox (badness 10000) in paragraph at lines 228--228
\OT1/cmr/m/n/6 scriptor@kstv-
 []


Underfull \hbox (badness 10000) in paragraph at lines 228--228
\OT1/cmr/m/n/6 quaestor@kstv-
 []


Overfull \hbox (5.19832pt too wide) in paragraph at lines 228--228
[] 
 []

<figures/wappen.png, id=4, 2509.375pt x 2509.375pt>
File: figures/wappen.png Graphic file (type png)
<use figures/wappen.png>
Package pdftex.def Info: figures/wappen.png  used on input line 228.
(pdftex.def)             Requested size: 170.00523pt x 169.969pt.
File: pdfs/overlay_band.pdf Graphic file (type pdf)
<use pdfs/overlay_band.pdf, page 1>
Package pdftex.def Info: pdfs/overlay_band.pdf , page1 used on input line 234.
(pdftex.def)             Requested size: 839.69952pt x 315.95525pt.
[1

{C:/Users/david/AppData/Local/MiKTeX/fonts/map/pdftex/pdftex.map}

 <./pdfs/overlay_band.pdf> <./figures/wappen.png>]
Underfull \hbox (badness 10000) in paragraph at lines 372--372

 []


Underfull \hbox (badness 10000) in paragraph at lines 372--372

 []


Underfull \hbox (badness 10000) in paragraph at lines 372--372

 []


Underfull \hbox (badness 10000) in paragraph at lines 372--372

 []


Underfull \hbox (badness 10000) in paragraph at lines 372--372
[]\OT1/cmr/m/n/9 F^^?ur die Al-ther-ren-
 []


Underfull \hbox (badness 10000) in paragraph at lines 372--372

 []

LaTeX Font Info:    Trying to load font information for OMS+cmr on input line 372.
(C:\Users\david\AppData\Local\Programs\MiKTeX\tex/latex/base\omscmr.fd
File: omscmr.fd 2024/11/19 v2.5n Standard LaTeX font definitions
)
LaTeX Font Info:    Font shape `OMS/cmr/m/n' in size <7> not available
(Font)              Font shape `OMS/cmsy/m/n' tried instead on input line 372.

Overfull \hbox (4.6007pt too wide) in paragraph at lines 372--372
[]
 []


Underfull \hbox (badness 10000) in paragraph at lines 372--372

 []

[2

] (sempro.aux)
 ***********
LaTeX2e <2025-11-01>
L3 programming layer <2026-01-19>
 ***********


LaTeX Font Warning: Size substitutions with differences
(Font)              up to 1.0pt have occurred.

 ) 
Here is how much of TeX's memory you used:
 4591 strings out of 467867
 74342 string characters out of 5418335
 543367 words of memory out of 5000000
 33424 multiletter control sequences out of 15000+600000
 631983 words of font info for 54 fonts, out of 8000000 for 9000
 1141 hyphenation exceptions out of 8191
 68i,23n,67p,1241b,565s stack positions out of 10000i,1000n,20000p,200000b,200000s
<C:/Users/david/AppData/Local/Programs/MiKTeX/fonts/type1/public/amsfonts/cm/cmbx12.pfb><C:/Users/david/AppData/Local/Programs/MiKTeX/fonts/type1/public/amsfonts/cm/cmbx6.pfb><C:/Users/david/AppData/Local/Programs/MiKTeX/fonts/type1/public/amsfonts/cm/cmbx7.pfb><C:/Users/david/AppData/Local/Programs/MiKTeX/fonts/type1/public/amsfonts/cm/cmbx9.pfb><C:/Users/david/AppData/Local/Programs/MiKTeX/fonts/type1/public/amsfonts/cm/cmr12.pfb><C:/Users/david/AppData/Local/Programs/MiKTeX/fonts/type1/public/amsfonts/cm/cmr6.pfb><C:/Users/david/AppData/Local/Programs/MiKTeX/fonts/type1/public/amsfonts/cm/cmr7.pfb><C:/Users/david/AppData/Local/Programs/MiKTeX/fonts/type1/public/amsfonts/cm/cmr9.pfb><C:/Users/david/AppData/Local/Programs/MiKTeX/fonts/type1/public/amsfonts/cm/cmsy7.pfb>
Output written on sempro.pdf (2 pages, 759073 bytes).
PDF statistics:
 74 PDF objects out of 1000 (max. 8388607)
 0 named destinations out of 1000 (max. 500000)
 21 words of extra memory for PDF output out of 10000 (max. 10000000)

